// Jest Snapshot v1, https://goo.gl/fbAQLP

exports[`The Contact Card component should match snapshot 1`] = `
<div
  className="card"
  style={
    Object {
      "margin": "auto",
      "maxWidth": "500px",
    }
  }
>
  <div
    className="card-content"
  >
    <article
      className="media"
      position="right"
    >
      <figure
        className="media-left"
      >
        <figure
          className="image is-128x128"
        >
          <img
            alt="128x128"
            className=""
            onError={[Function]}
            src="http://bulma.io/images/placeholders/128x128.png"
          />
        </figure>
      </figure>
      <div
        className="media-content"
        style={
          Object {
            "margin": "auto",
            "textAlign": "center",
          }
        }
      >
        <h1
          className="title is-6"
        >
          Milan Jenkins
        </h1>
        <div
          className="content"
        >
          Kristian_Deckow@example.org
          <br />
          330-013-0169
        </div>
      </div>
    </article>
  </div>
  <div
    className="card-footer"
  >
    <div
      className="card-footer-item"
      href="/view"
    >
      <a
        href="/view/e12970f9-1deb-48a2-a4c2-854d86a82ef0"
        onClick={[Function]}
      >
        View
      </a>
    </div>
    <div
      className="card-footer-item"
      href="/edit"
    >
      <a
        href="/edit/e12970f9-1deb-48a2-a4c2-854d86a82ef0"
        onClick={[Function]}
      >
        Edit
      </a>
    </div>
    <div
      className="card-footer-item"
      href="/delete"
    >
      <a
        href="/delete/e12970f9-1deb-48a2-a4c2-854d86a82ef0"
        onClick={[Function]}
      >
        Delete
      </a>
    </div>
  </div>
</div>
`;
